// Jest Snapshot v1, https://goo.gl/fbAQLP

exports[`<SnippetListElement /> matches snapshot 1`] = `
<div
  className="root active"
  onClick={[Function]}
  onContextMenu={[Function]}
>
  <div
    className="content"
  >
    <span
      className="bp3-text-overflow-ellipsis"
    >
      Test
    </span>
    <div
      className="tag"
      style={
        Object {
          "background": "#F55656",
          "top": "6px",
        }
      }
    />
    <div
      className="tag"
      style={
        Object {
          "background": "#F29D49",
          "top": "14px",
        }
      }
    />
    <div
      className="tag"
      style={
        Object {
          "background": "#F2B824",
          "top": "22px",
        }
      }
    />
  </div>
</div>
`;
